▿ 166 bytes
  - count: 166
  ▿ pointer: 0x0000000102920eb0
    - pointerValue: 4338093744
